node.exe : (node:17516) [DEP0040] DeprecationWarning: The `punycode` module is deprecated. Please use a userland alternative instead.
At C:\Users\camch\AppData\Roaming\npm\ns.ps1:24 char:5
+     & "node$exe"  "$basedir/node_modules/nativescript/bin/tns" $args
+     ~~~~~~~~~~~~~~~~~~~~~~~~~~~~~~~~~~~~~~~~~~~~~~~~~~~~~~~~~~~~~~~~
    + CategoryInfo          : NotSpecified: ((node:17516) [D...native instead.:String) [], RemoteException
    + FullyQualifiedErrorId : NativeCommandError
 
(Use `node --trace-deprecation ...` to show where the warning was created)
Executing webpack failed with exit code 1.
